// This map has been created by QuArK - Quake Army Knife, Version 4.07
// It is a map for the game Quake.

// It is recommended that you compile this map using a version of QBSP
// that can read floating-point coordinates, like the one recommended
// at QuArK's Home Page <http://www.planetquake.com/quark/>

{
 "classname" "worldspawn"
 "message" "No Name"
 "worldtype" "0"
 "wad" "textures/free_wad.wad"
 {
  ( 0 32 32 ) ( 0 0 32 ) ( 0 0 0 ) scrate3_side 0 0 0 1 1
  ( 32 32 0 ) ( 32 0 0 ) ( 32 0 32 ) scrate3_side 0 0 0 1 1
  ( 32 0 0 ) ( 0 0 0 ) ( 0 0 32 ) scrate3_side 0 0 0 1 1
  ( 32 32 32 ) ( 0 32 32 ) ( 0 32 0 ) scrate3_side 0 0 0 1 1
  ( 32 32 0 ) ( 0 32 0 ) ( 0 0 0 ) sbox5_top 0 0 0 1 1
  ( 32 0 32 ) ( 0 0 32 ) ( 0 32 32 ) sbox5_top 0 0 0 1 1
 }
}
{
 "classname" "light"
 "origin" "-32 16 48"
 "light" "100"
 "style" "0"
}
{
 "classname" "light"
 "origin" "64 16 48"
 "light" "100"
 "style" "0"
}
{
 "classname" "light"
 "origin" "16 16 80"
 "light" "200"
 "style" "0"
}
{
 "classname" "light"
 "origin" "16 64 48"
 "light" "150"
 "style" "0"
}
{
 "classname" "light"
 "origin" "16 -32 48"
 "light" "50"
 "style" "0"
}
