// This map has been created by QuArK - Quake Army Knife, Version 4.07
// It is a map for the game Quake.

// It is recommended that you compile this map using a version of QBSP
// that can read floating-point coordinates, like the one recommended
// at QuArK's Home Page <http://www.planetquake.com/quark/>

{
 "classname" "worldspawn"
 "message" "No Name"
 "worldtype" "0"
 "wad" "textures/free_wad.wad"
 {
  ( 0 16 12 ) ( 0 0 12 ) ( 0 0 0 ) shot_side 0 0 0 1 1
  ( 20 16 0 ) ( 20 0 0 ) ( 20 0 12 ) shot_side 0 0 0 1 1
  ( 20 0 0 ) ( 0 0 0 ) ( 0 0 12 ) shot_side 0 0 0 1 1
  ( 20 16 12 ) ( 0 16 12 ) ( 0 16 0 ) shot_side 0 0 0 1 1
  ( 20 16 0 ) ( 0 16 0 ) ( 0 0 0 ) blak 0 0 0 1 1
  ( 20 0 12 ) ( 0 0 12 ) ( 0 16 12 ) shot_top 0 0 0 0.25 0.25
 }
}
{
 "classname" "light"
 "origin" "-28 16 16"
 "light" "128"
 "style" "0"
}
{
 "classname" "light"
 "origin" "68 16 16"
 "light" "128"
 "style" "0"
}
{
 "classname" "light"
 "origin" "20 16 48"
 "light" "192"
 "style" "0"
}
{
 "classname" "light"
 "origin" "20 64 16"
 "light" "160"
 "style" "0"
}
{
 "classname" "light"
 "origin" "20 -32 16"
 "light" "96"
 "style" "0"
}
